[    0.000000] Linux version 6.12.48+deb13-amd64 (debian-kernel@lists.debian.org)
@@EL1 0 el.ident {"boot":"3f1c2b9e-8a4d-4e6f-9b1a-0c2d4e6f8a1b","cmdline":"BOOT_IMAGE=/vmlinuz quiet splash console=tty0 console=ttyS0 el.probe=P2","guest":{"deb_sha256":"0000000000000000000000000000000000000000000000000000000000000000","git_rev":"4abcb5b","snapshot":"20260920T000000Z"},"probe":"P2","t":187}
[    1.204411] systemd[1]: Detected virtualization kvm.
@@EL1 2 el.session {"boot":"3f1c2b9e-8a4d-4e6f-9b1a-0c2d4e6f8a1b","session_type":"wayland","t":261,"uid":1000}
[  OK  ] Started systemd-journald.service - Journal Service.
@@EL1 3 el.settled {"boot":"3f1c2b9e-8a4d-4e6f-9b1a-0c2d4e6f8a1b","capped":false,"t":298}
Debian GNU/Linux 13 el-probe ttyS0
@@EL1 4 blob.part {"b64":"eyJNRVNTQUdFIjoic2RkbSBsaW5lIDAifQp7Ik1FU1NBR0UiOiJzZGRtIGxpbmUgMSJ9CnsiTUVTU0FHRSI6InNkZG0gbGluZSAyIn0KeyJNRVNTQUdFIjoic2RkbSBsaW5lIDMifQp7Ik1FU1NBR0UiOiJzZGRtIGxpbmUgNCJ9CnsiTUVTU0FHRSI6InNkZG0gbGluZSA1In0KeyJNRVNTQUdFIjoic2RkbSBsaW5lIDYifQp7Ik1FU1NBR0UiOiJzZGRtIGxpbmUgNyJ9CnsiTUVTU0FHRSI6InNkZG0gbGluZSA4In0KeyJNRVNTQUdFIjoic2RkbSBsaW5lIDkifQp7Ik1FU1NBR0UiOiJzZGRtIGxpbmUgMTAifQp7Ik1FU1NBR0UiOiJzZGRtIGxpbmUgMTEifQp7Ik1FU1NBR0UiOiJzZGRtIGxpbmUgMTIifQp7Ik1FU1NBR0UiOiJzZGRtIGxpbmUgMTMifQp7Ik1FU1NBR0UiOiJzZGRtIGxpbmUgMTQifQp7Ik1FU1NBR0UiOiJzZGRtIGxpbmUgMTUifQp7Ik1FU1NBR0UiOiJzZGRtIGxpbmUgMTYifQp7Ik1FU1NBR0UiOiJzZGRtIGxpbmUgMTcifQp7Ik1FU1NBR0UiOiJzZGRtIGxpbmUgMTgifQp7Ik1FU1NBR0UiOiJzZGRtIGxpbmUgMTkifQp7Ik1FU1NBR0UiOiJzZGRtIGxpbmUgMjAifQp7Ik1FU1NBR0UiOiJzZGRtIGxp","boot":"3f1c2b9e-8a4d-4e6f-9b1a-0c2d4e6f8a1b","id":"b4","n":0,"of":2,"t":335}
[   14.880102] zram0: detected capacity change from 0 to 1409024
@@EL1 5 blob.part {"b64":"bmUgMjEifQp7Ik1FU1NBR0UiOiJzZGRtIGxpbmUgMjIifQp7Ik1FU1NBR0UiOiJzZGRtIGxpbmUgMjMifQp7Ik1FU1NBR0UiOiJzZGRtIGxpbmUgMjQifQp7Ik1FU1NBR0UiOiJzZGRtIGxpbmUgMjUifQp7Ik1FU1NBR0UiOiJzZGRtIGxpbmUgMjYifQp7Ik1FU1NBR0UiOiJzZGRtIGxpbmUgMjcifQp7Ik1FU1NBR0UiOiJzZGRtIGxpbmUgMjgifQp7Ik1FU1NBR0UiOiJzZGRtIGxpbmUgMjkifQp7Ik1FU1NBR0UiOiJzZGRtIGxpbmUgMzAifQp7Ik1FU1NBR0UiOiJzZGRtIGxpbmUgMzEifQp7Ik1FU1NBR0UiOiJzZGRtIGxpbmUgMzIifQp7Ik1FU1NBR0UiOiJzZGRtIGxpbmUgMzMifQp7Ik1FU1NBR0UiOiJzZGRtIGxpbmUgMzQifQp7Ik1FU1NBR0UiOiJzZGRtIGxpbmUgMzUifQp7Ik1FU1NBR0UiOiJzZGRtIGxpbmUgMzYifQp7Ik1FU1NBR0UiOiJzZGRtIGxpbmUgMzcifQp7Ik1FU1NBR0UiOiJzZGRtIGxpbmUgMzgifQp7Ik1FU1NBR0UiOiJzZGRtIGxpbmUgMzkifQ==","boot":"3f1c2b9e-8a4d-4e6f-9b1a-0c2d4e6f8a1b","id":"b4","n":1,"of":2,"t":372}
el-probe login: 
@@EL1 6 blob.end {"boot":"3f1c2b9e-8a4d-4e6f-9b1a-0c2d4e6f8a1b","bytes":1069,"id":"b4","label":"journal.sddm","of":2,"sha256":"e4c78908c284aadfa983e837467503f2213828eb6f9266b82f26e3cea6f18183","t":409}
[    0.000000] Linux version 6.12.48+deb13-amd64 (debian-kernel@lists.debian.org)
@@EL1 7 blob.part {"b64":"eyJNRVNTQUdFIjoicGxhc21hc2hlbGwgbGluZSAwIn0KeyJNRVNTQUdFIjoicGxhc21hc2hlbGwgbGluZSAxIn0KeyJNRVNTQUdFIjoicGxhc21hc2hlbGwgbGluZSAyIn0KeyJNRVNTQUdFIjoicGxhc21hc2hlbGwgbGluZSAzIn0KeyJNRVNTQUdFIjoicGxhc21hc2hlbGwgbGluZSA0In0KeyJNRVNTQUdFIjoicGxhc21hc2hlbGwgbGluZSA1In0KeyJNRVNTQUdFIjoicGxhc21hc2hlbGwgbGluZSA2In0KeyJNRVNTQUdFIjoicGxhc21hc2hlbGwgbGluZSA3In0KeyJNRVNTQUdFIjoicGxhc21hc2hlbGwgbGluZSA4In0KeyJNRVNTQUdFIjoicGxhc21hc2hlbGwgbGluZSA5In0KeyJNRVNTQUdFIjoicGxhc21hc2hlbGwgbGluZSAxMCJ9CnsiTUVTU0FHRSI6InBsYXNtYXNoZWxsIGxpbmUgMTEifQp7Ik1FU1NBR0UiOiJwbGFzbWFzaGVsbCBsaW5lIDEyIn0KeyJNRVNTQUdFIjoicGxhc21hc2hlbGwgbGluZSAxMyJ9CnsiTUVTU0FHRSI6InBsYXNtYXNoZWxsIGxpbmUgMTQifQp7Ik1FU1NBR0UiOiJwbGFzbWFzaGVsbCBsaW5lIDE1In0KeyJNRVNTQUdFIjoicGxhc21hc2hlbGwgbGluZSAxNiJ9CnsiTUVTU0FH","boot":"3f1c2b9e-8a4d-4e6f-9b1a-0c2d4e6f8a1b","id":"b7","n":0,"of":3,"t":446}
[    1.204411] systemd[1]: Detected virtualization kvm.
@@EL1 8 blob.part {"b64":"RSI6InBsYXNtYXNoZWxsIGxpbmUgMTcifQp7Ik1FU1NBR0UiOiJwbGFzbWFzaGVsbCBsaW5lIDE4In0KeyJNRVNTQUdFIjoicGxhc21hc2hlbGwgbGluZSAxOSJ9CnsiTUVTU0FHRSI6InBsYXNtYXNoZWxsIGxpbmUgMjAifQp7Ik1FU1NBR0UiOiJwbGFzbWFzaGVsbCBsaW5lIDIxIn0KeyJNRVNTQUdFIjoicGxhc21hc2hlbGwgbGluZSAyMiJ9CnsiTUVTU0FHRSI6InBsYXNtYXNoZWxsIGxpbmUgMjMifQp7Ik1FU1NBR0UiOiJwbGFzbWFzaGVsbCBsaW5lIDI0In0KeyJNRVNTQUdFIjoicGxhc21hc2hlbGwgbGluZSAyNSJ9CnsiTUVTU0FHRSI6InBsYXNtYXNoZWxsIGxpbmUgMjYifQp7Ik1FU1NBR0UiOiJwbGFzbWFzaGVsbCBsaW5lIDI3In0KeyJNRVNTQUdFIjoicGxhc21hc2hlbGwgbGluZSAyOCJ9CnsiTUVTU0FHRSI6InBsYXNtYXNoZWxsIGxpbmUgMjkifQp7Ik1FU1NBR0UiOiJwbGFzbWFzaGVsbCBsaW5lIDMwIn0KeyJNRVNTQUdFIjoicGxhc21hc2hlbGwgbGluZSAzMSJ9CnsiTUVTU0FHRSI6InBsYXNtYXNoZWxsIGxpbmUgMzIifQp7Ik1FU1NBR0UiOiJwbGFzbWFzaGVsbCBsaW5lIDMzIn0KeyJNRVNT","boot":"3f1c2b9e-8a4d-4e6f-9b1a-0c2d4e6f8a1b","id":"b7","n":1,"of":3,"t":483}
[  OK  ] Started systemd-journald.service - Journal Service.
@@EL1 9 blob.part {"b64":"QUdFIjoicGxhc21hc2hlbGwgbGluZSAzNCJ9CnsiTUVTU0FHRSI6InBsYXNtYXNoZWxsIGxpbmUgMzUifQp7Ik1FU1NBR0UiOiJwbGFzbWFzaGVsbCBsaW5lIDM2In0KeyJNRVNTQUdFIjoicGxhc21hc2hlbGwgbGluZSAzNyJ9CnsiTUVTU0FHRSI6InBsYXNtYXNoZWxsIGxpbmUgMzgifQp7Ik1FU1NBR0UiOiJwbGFzbWFzaGVsbCBsaW5lIDM5In0=","boot":"3f1c2b9e-8a4d-4e6f-9b1a-0c2d4e6f8a1b","id":"b7","n":2,"of":3,"t":520}
Debian GNU/Linux 13 el-probe ttyS0
@@EL1 10 blob.end {"boot":"3f1c2b9e-8a4d-4e6f-9b1a-0c2d4e6f8a1b","bytes":1349,"id":"b7","label":"journal.plasmashell","of":3,"sha256":"384fcd4898765e1f30c32f81302eea1549af01d08dca3e32933b72fc130bb108","t":557}
[   14.880102] zram0: detected capacity change from 0 to 1409024
@@EL1 11 blob.part {"b64":"eyJNRVNTQUdFIjoicGx5bW91dGggbGluZSAwIn0KeyJNRVNTQUdFIjoicGx5bW91dGggbGluZSAxIn0KeyJNRVNTQUdFIjoicGx5bW91dGggbGluZSAyIn0KeyJNRVNTQUdFIjoicGx5bW91dGggbGluZSAzIn0KeyJNRVNTQUdFIjoicGx5bW91dGggbGluZSA0In0KeyJNRVNTQUdFIjoicGx5bW91dGggbGluZSA1In0KeyJNRVNTQUdFIjoicGx5bW91dGggbGluZSA2In0KeyJNRVNTQUdFIjoicGx5bW91dGggbGluZSA3In0KeyJNRVNTQUdFIjoicGx5bW91dGggbGluZSA4In0KeyJNRVNTQUdFIjoicGx5bW91dGggbGluZSA5In0KeyJNRVNTQUdFIjoicGx5bW91dGggbGluZSAxMCJ9CnsiTUVTU0FHRSI6InBseW1vdXRoIGxpbmUgMTEifQp7Ik1FU1NBR0UiOiJwbHltb3V0aCBsaW5lIDEyIn0KeyJNRVNTQUdFIjoicGx5bW91dGggbGluZSAxMyJ9CnsiTUVTU0FHRSI6InBseW1vdXRoIGxpbmUgMTQifQp7Ik1FU1NBR0UiOiJwbHltb3V0aCBsaW5lIDE1In0KeyJNRVNTQUdFIjoicGx5bW91dGggbGluZSAxNiJ9CnsiTUVTU0FHRSI6InBseW1vdXRoIGxpbmUgMTcifQp7Ik1FU1NBR0UiOiJwbHltb3V0aCBsaW5lIDE4","boot":"3f1c2b9e-8a4d-4e6f-9b1a-0c2d4e6f8a1b","id":"b11","n":0,"of":3,"t":594}
el-probe login: 
@@EL1 12 blob.part {"b64":"In0KeyJNRVNTQUdFIjoicGx5bW91dGggbGluZSAxOSJ9CnsiTUVTU0FHRSI6InBseW1vdXRoIGxpbmUgMjAifQp7Ik1FU1NBR0UiOiJwbHltb3V0aCBsaW5lIDIxIn0KeyJNRVNTQUdFIjoicGx5bW91dGggbGluZSAyMiJ9CnsiTUVTU0FHRSI6InBseW1vdXRoIGxpbmUgMjMifQp7Ik1FU1NBR0UiOiJwbHltb3V0aCBsaW5lIDI0In0KeyJNRVNTQUdFIjoicGx5bW91dGggbGluZSAyNSJ9CnsiTUVTU0FHRSI6InBseW1vdXRoIGxpbmUgMjYifQp7Ik1FU1NBR0UiOiJwbHltb3V0aCBsaW5lIDI3In0KeyJNRVNTQUdFIjoicGx5bW91dGggbGluZSAyOCJ9CnsiTUVTU0FHRSI6InBseW1vdXRoIGxpbmUgMjkifQp7Ik1FU1NBR0UiOiJwbHltb3V0aCBsaW5lIDMwIn0KeyJNRVNTQUdFIjoicGx5bW91dGggbGluZSAzMSJ9CnsiTUVTU0FHRSI6InBseW1vdXRoIGxpbmUgMzIifQp7Ik1FU1NBR0UiOiJwbHltb3V0aCBsaW5lIDMzIn0KeyJNRVNTQUdFIjoicGx5bW91dGggbGluZSAzNCJ9CnsiTUVTU0FHRSI6InBseW1vdXRoIGxpbmUgMzUifQp7Ik1FU1NBR0UiOiJwbHltb3V0aCBsaW5lIDM2In0KeyJNRVNTQUdFIjoicGx5","boot":"3f1c2b9e-8a4d-4e6f-9b1a-0c2d4e6f8a1b","id":"b11","n":1,"of":3,"t":631}
[    0.000000] Linux version 6.12.48+deb13-amd64 (debian-kernel@lists.debian.org)
@@EL1 13 blob.part {"b64":"bW91dGggbGluZSAzNyJ9CnsiTUVTU0FHRSI6InBseW1vdXRoIGxpbmUgMzgifQp7Ik1FU1NBR0UiOiJwbHltb3V0aCBsaW5lIDM5In0=","boot":"3f1c2b9e-8a4d-4e6f-9b1a-0c2d4e6f8a1b","id":"b11","n":2,"of":3,"t":668}
[    1.204411] systemd[1]: Detected virtualization kvm.
@@EL1 14 blob.end {"boot":"3f1c2b9e-8a4d-4e6f-9b1a-0c2d4e6f8a1b","bytes":1229,"id":"b11","label":"journal.plymouth","of":3,"sha256":"c75d7f6f226089a8c5afcb1f7f77df3acbb1a41d423ea06cae09a32c60420ca6","t":705}
[  OK  ] Started systemd-journald.service - Journal Service.
@@EL1 15 el.journal {"boot":"3f1c2b9e-8a4d-4e6f-9b1a-0c2d4e6f8a1b","plasmashell":"b7","plymouth":"b11","sddm":"b4","t":742}
Debian GNU/Linux 13 el-probe ttyS0
@@EL1 16 blob.part {"b64":"W0NvbnRhaW5tZW50c11bMV1bV2FsbHBhcGVyXVtvcmcua2RlLmltYWdlXVtHZW5lcmFsXQpJbWFnZT1FTC1PcGVuZ2xvCltDb250YWlubWVudHNdWzFdW1dhbGxwYXBlcl1bb3JnLmtkZS5pbWFnZV1bR2VuZXJhbF0KSW1hZ2U9RUwtT3BlbmdsbwpbQ29udGFpbm1lbnRzXVsxXVtXYWxscGFwZXJdW29yZy5rZGUuaW1hZ2VdW0dlbmVyYWxdCkltYWdlPUVMLU9wZW5nbG8KW0NvbnRhaW5tZW50c11bMV1bV2FsbHBhcGVyXVtvcmcua2RlLmltYWdlXVtHZW5lcmFsXQpJbWFnZT1FTC1PcGVuZ2xvCltDb250YWlubWVudHNdWzFdW1dhbGxwYXBlcl1bb3JnLmtkZS5pbWFnZV1bR2VuZXJhbF0KSW1hZ2U9RUwtT3BlbmdsbwpbQ29udGFpbm1lbnRzXVsxXVtXYWxscGFwZXJdW29yZy5rZGUuaW1hZ2VdW0dlbmVyYWxdCkltYWdlPUVMLU9wZW5nbG8KW0NvbnRhaW5tZW50c11bMV1bV2FsbHBhcGVyXVtvcmcua2RlLmltYWdlXVtHZW5lcmFsXQpJbWFnZT1FTC1PcGVuZ2xvCltDb250YWlubWVudHNdWzFdW1dhbGxwYXBlcl1bb3JnLmtkZS5pbWFnZV1bR2VuZXJhbF0KSW1hZ2U9RUwtT3BlbmdsbwpbQ29udGFpbm1lbnRzXVsx","boot":"3f1c2b9e-8a4d-4e6f-9b1a-0c2d4e6f8a1b","id":"b16","n":0,"of":3,"t":779}
[   14.880102] zram0: detected capacity change from 0 to 1409024
@@EL1 17 blob.part {"b64":"XVtXYWxscGFwZXJdW29yZy5rZGUuaW1hZ2VdW0dlbmVyYWxdCkltYWdlPUVMLU9wZW5nbG8KW0NvbnRhaW5tZW50c11bMV1bV2FsbHBhcGVyXVtvcmcua2RlLmltYWdlXVtHZW5lcmFsXQpJbWFnZT1FTC1PcGVuZ2xvCltDb250YWlubWVudHNdWzFdW1dhbGxwYXBlcl1bb3JnLmtkZS5pbWFnZV1bR2VuZXJhbF0KSW1hZ2U9RUwtT3BlbmdsbwpbQ29udGFpbm1lbnRzXVsxXVtXYWxscGFwZXJdW29yZy5rZGUuaW1hZ2VdW0dlbmVyYWxdCkltYWdlPUVMLU9wZW5nbG8KW0NvbnRhaW5tZW50c11bMV1bV2FsbHBhcGVyXVtvcmcua2RlLmltYWdlXVtHZW5lcmFsXQpJbWFnZT1FTC1PcGVuZ2xvCltDb250YWlubWVudHNdWzFdW1dhbGxwYXBlcl1bb3JnLmtkZS5pbWFnZV1bR2VuZXJhbF0KSW1hZ2U9RUwtT3BlbmdsbwpbQ29udGFpbm1lbnRzXVsxXVtXYWxscGFwZXJdW29yZy5rZGUuaW1hZ2VdW0dlbmVyYWxdCkltYWdlPUVMLU9wZW5nbG8KW0NvbnRhaW5tZW50c11bMV1bV2FsbHBhcGVyXVtvcmcua2RlLmltYWdlXVtHZW5lcmFsXQpJbWFnZT1FTC1PcGVuZ2xvCltDb250YWlubWVudHNdWzFdW1dhbGxwYXBlcl1bb3Jn","boot":"3f1c2b9e-8a4d-4e6f-9b1a-0c2d4e6f8a1b","id":"b16","n":1,"of":3,"t":816}
el-probe login: 
@@EL1 18 blob.part {"b64":"LmtkZS5pbWFnZV1bR2VuZXJhbF0KSW1hZ2U9RUwtT3BlbmdsbwpbQ29udGFpbm1lbnRzXVsxXVtXYWxscGFwZXJdW29yZy5rZGUuaW1hZ2VdW0dlbmVyYWxdCkltYWdlPUVMLU9wZW5nbG8KW0NvbnRhaW5tZW50c11bMV1bV2FsbHBhcGVyXVtvcmcua2RlLmltYWdlXVtHZW5lcmFsXQpJbWFnZT1FTC1PcGVuZ2xvCltDb250YWlubWVudHNdWzFdW1dhbGxwYXBlcl1bb3JnLmtkZS5pbWFnZV1bR2VuZXJhbF0KSW1hZ2U9RUwtT3Blbmdsbwo=","boot":"3f1c2b9e-8a4d-4e6f-9b1a-0c2d4e6f8a1b","id":"b16","n":2,"of":3,"t":853}
[    0.000000] Linux version 6.12.48+deb13-amd64 (debian-kernel@lists.debian.org)
@@EL1 19 blob.end {"boot":"3f1c2b9e-8a4d-4e6f-9b1a-0c2d4e6f8a1b","bytes":1400,"id":"b16","label":"appletsrc","of":3,"sha256":"a89f47e5033b09c7f28216d0a899ba6002e40cf34c081c27181c6a5b5fa32db5","t":890}
[    1.204411] systemd[1]: Detected virtualization kvm.
@@EL1 20 el.file {"appletsrc":"b16","boot":"3f1c2b9e-8a4d-4e6f-9b1a-0c2d4e6f8a1b","t":927}
[  OK  ] Started systemd-journald.service - Journal Service.
@@EL1 21 el.mem {"boot":"3f1c2b9e-8a4d-4e6f-9b1a-0c2d4e6f8a1b","mem_available_kb":198656,"mem_total_kb":716800,"swap_free_kb":358400,"swap_total_kb":358400,"t":964,"zram_compr_bytes":0,"zram_orig_bytes":0}
Debian GNU/Linux 13 el-probe ttyS0
@@EL1 22 el.done {"boot":"3f1c2b9e-8a4d-4e6f-9b1a-0c2d4e6f8a1b","probe":"P2","records":22,"t":1001}
el-probe login: 
